<?xml version="1.0"?>
<link_info>
   <banner>TI ARM Linker PC v5.2.2</banner>
   <copyright>Copyright (c) 1996-2015 Texas Instruments Incorporated</copyright>
   <link_time>0x56e1f4bc</link_time>
   <link_errors>0x0</link_errors>
   <output_file>FreeRTOS823_3_TM4C1294_Base_Test.out</output_file>
   <entry_point>
      <name>_c_int00</name>
      <address>0x3545</address>
   </entry_point>
   <input_file_list>
      <input_file id="fl-2">
         <path>.\</path>
         <kind>object</kind>
         <file>Main_Base_Test.obj</file>
         <name>Main_Base_Test.obj</name>
      </input_file>
      <input_file id="fl-3">
         <path>.\</path>
         <kind>object</kind>
         <file>TM4C_FreeRTOS_Base_Startup.obj</file>
         <name>TM4C_FreeRTOS_Base_Startup.obj</name>
      </input_file>
      <input_file id="fl-4">
         <path>.\</path>
         <kind>object</kind>
         <file>heap_2.obj</file>
         <name>heap_2.obj</name>
      </input_file>
      <input_file id="fl-5">
         <path>.\Tasks\</path>
         <kind>object</kind>
         <file>Task_Blinky.obj</file>
         <name>Task_Blinky.obj</name>
      </input_file>
      <input_file id="fl-6">
         <path>.\Tasks\</path>
         <kind>object</kind>
         <file>Task_HeaterOn.obj</file>
         <name>Task_HeaterOn.obj</name>
      </input_file>
      <input_file id="fl-7">
         <path>.\Tasks\</path>
         <kind>object</kind>
         <file>Task_ReportTime.obj</file>
         <name>Task_ReportTime.obj</name>
      </input_file>
      <input_file id="fl-8">
         <path>.\Tasks\</path>
         <kind>object</kind>
         <file>Task_Simple_ADC.obj</file>
         <name>Task_Simple_ADC.obj</name>
      </input_file>
      <input_file id="fl-9">
         <path>.\Source\</path>
         <kind>object</kind>
         <file>croutine.obj</file>
         <name>croutine.obj</name>
      </input_file>
      <input_file id="fl-a">
         <path>.\Source\</path>
         <kind>object</kind>
         <file>event_groups.obj</file>
         <name>event_groups.obj</name>
      </input_file>
      <input_file id="fl-b">
         <path>.\Source\</path>
         <kind>object</kind>
         <file>list.obj</file>
         <name>list.obj</name>
      </input_file>
      <input_file id="fl-c">
         <path>.\Source\</path>
         <kind>object</kind>
         <file>queue.obj</file>
         <name>queue.obj</name>
      </input_file>
      <input_file id="fl-d">
         <path>.\Source\</path>
         <kind>object</kind>
         <file>tasks.obj</file>
         <name>tasks.obj</name>
      </input_file>
      <input_file id="fl-e">
         <path>.\Source\</path>
         <kind>object</kind>
         <file>timers.obj</file>
         <name>timers.obj</name>
      </input_file>
      <input_file id="fl-f">
         <path>.\Source\portable\CCS\ARM_CM4F\</path>
         <kind>object</kind>
         <file>port.obj</file>
         <name>port.obj</name>
      </input_file>
      <input_file id="fl-10">
         <path>.\Source\portable\CCS\ARM_CM4F\</path>
         <kind>object</kind>
         <file>portasm.obj</file>
         <name>portasm.obj</name>
      </input_file>
      <input_file id="fl-11">
         <path>.\Drivers\</path>
         <kind>object</kind>
         <file>Processor_Initialization_TM4C1294.obj</file>
         <name>Processor_Initialization_TM4C1294.obj</name>
      </input_file>
      <input_file id="fl-138">
         <path>C:\TI_CodeComposer\ccsv6\tools\compiler\ti-cgt-arm_5.2.2\lib\</path>
         <kind>archive</kind>
         <file>rtsv7M4_T_le_v4SPD16_eabi.lib</file>
         <name>boot.obj</name>
      </input_file>
      <input_file id="fl-139">
         <path>C:\TI_CodeComposer\ccsv6\tools\compiler\ti-cgt-arm_5.2.2\lib\</path>
         <kind>archive</kind>
         <file>rtsv7M4_T_le_v4SPD16_eabi.lib</file>
         <name>copy_decompress_none.obj</name>
      </input_file>
      <input_file id="fl-13a">
         <path>C:\TI_CodeComposer\ccsv6\tools\compiler\ti-cgt-arm_5.2.2\lib\</path>
         <kind>archive</kind>
         <file>rtsv7M4_T_le_v4SPD16_eabi.lib</file>
         <name>copy_decompress_rle.obj</name>
      </input_file>
      <input_file id="fl-13b">
         <path>C:\TI_CodeComposer\ccsv6\tools\compiler\ti-cgt-arm_5.2.2\lib\</path>
         <kind>archive</kind>
         <file>rtsv7M4_T_le_v4SPD16_eabi.lib</file>
         <name>copy_zero_init.obj</name>
      </input_file>
      <input_file id="fl-13c">
         <path>C:\TI_CodeComposer\ccsv6\tools\compiler\ti-cgt-arm_5.2.2\lib\</path>
         <kind>archive</kind>
         <file>rtsv7M4_T_le_v4SPD16_eabi.lib</file>
         <name>exit.obj</name>
      </input_file>
      <input_file id="fl-13d">
         <path>C:\TI_CodeComposer\ccsv6\tools\compiler\ti-cgt-arm_5.2.2\lib\</path>
         <kind>archive</kind>
         <file>rtsv7M4_T_le_v4SPD16_eabi.lib</file>
         <name>memcpy_t2.obj</name>
      </input_file>
      <input_file id="fl-13e">
         <path>C:\TI_CodeComposer\ccsv6\tools\compiler\ti-cgt-arm_5.2.2\lib\</path>
         <kind>archive</kind>
         <file>rtsv7M4_T_le_v4SPD16_eabi.lib</file>
         <name>memset_t2.obj</name>
      </input_file>
      <input_file id="fl-13f">
         <path>C:\TI_CodeComposer\ccsv6\tools\compiler\ti-cgt-arm_5.2.2\lib\</path>
         <kind>archive</kind>
         <file>rtsv7M4_T_le_v4SPD16_eabi.lib</file>
         <name>pre_init.obj</name>
      </input_file>
      <input_file id="fl-140">
         <path>C:\TI_CodeComposer\ccsv6\tools\compiler\ti-cgt-arm_5.2.2\lib\</path>
         <kind>archive</kind>
         <file>rtsv7M4_T_le_v4SPD16_eabi.lib</file>
         <name>stkdepth_vars.obj</name>
      </input_file>
      <input_file id="fl-141">
         <path>C:\TI_CodeComposer\ccsv6\tools\compiler\ti-cgt-arm_5.2.2\lib\</path>
         <kind>archive</kind>
         <file>rtsv7M4_T_le_v4SPD16_eabi.lib</file>
         <name>_lock.obj</name>
      </input_file>
      <input_file id="fl-142">
         <path>C:\TI_CodeComposer\ccsv6\tools\compiler\ti-cgt-arm_5.2.2\lib\</path>
         <kind>archive</kind>
         <file>rtsv7M4_T_le_v4SPD16_eabi.lib</file>
         <name>args_main.obj</name>
      </input_file>
      <input_file id="fl-143">
         <path>C:\TI_CodeComposer\ccsv6\tools\compiler\ti-cgt-arm_5.2.2\lib\</path>
         <kind>archive</kind>
         <file>rtsv7M4_T_le_v4SPD16_eabi.lib</file>
         <name>autoinit.obj</name>
      </input_file>
      <input_file id="fl-144">
         <path>C:\TI_CodeComposer\ccsv6\tools\compiler\ti-cgt-arm_5.2.2\lib\</path>
         <kind>archive</kind>
         <file>rtsv7M4_T_le_v4SPD16_eabi.lib</file>
         <name>cpy_tbl.obj</name>
      </input_file>
      <input_file id="fl-145">
         <path>C:\TI_CodeComposer\TivaWare\driverlib\ccs\Debug\</path>
         <kind>archive</kind>
         <file>driverlib.lib</file>
         <name>sysctl.obj</name>
      </input_file>
      <input_file id="fl-146">
         <path>C:\TI_CodeComposer\TivaWare\driverlib\ccs\Debug\</path>
         <kind>archive</kind>
         <file>driverlib.lib</file>
         <name>interrupt.obj</name>
      </input_file>
      <input_file id="fl-147">
         <path>C:\TI_CodeComposer\TivaWare\driverlib\ccs\Debug\</path>
         <kind>archive</kind>
         <file>driverlib.lib</file>
         <name>gpio.obj</name>
      </input_file>
      <input_file id="fl-148">
         <path>C:\TI_CodeComposer\TivaWare\driverlib\ccs\Debug\</path>
         <kind>archive</kind>
         <file>driverlib.lib</file>
         <name>cpu.obj</name>
      </input_file>
      <input_file id="fl-149">
         <path>C:\TI_CodeComposer\TivaWare\driverlib\ccs\Debug\</path>
         <kind>archive</kind>
         <file>driverlib.lib</file>
         <name>adc.obj</name>
      </input_file>
   </input_file_list>
   <object_component_list>
      <object_component id="oc-f">
         <name>.intvecs</name>
         <load_address>0x0</load_address>
         <run_address>0x0</run_address>
         <size>0x200</size>
         <input_file_ref idref="fl-3"/>
      </object_component>
      <object_component id="oc-8b">
         <name>.text</name>
         <load_address>0x200</load_address>
         <run_address>0x200</run_address>
         <size>0x17d0</size>
         <input_file_ref idref="fl-d"/>
      </object_component>
      <object_component id="oc-165">
         <name>.text</name>
         <load_address>0x19d0</load_address>
         <run_address>0x19d0</run_address>
         <size>0xa08</size>
         <input_file_ref idref="fl-c"/>
      </object_component>
      <object_component id="oc-e7">
         <name>.text</name>
         <load_address>0x23d8</load_address>
         <run_address>0x23d8</run_address>
         <size>0x538</size>
         <input_file_ref idref="fl-e"/>
      </object_component>
      <object_component id="oc-191">
         <name>.text:SysCtlClockFreqSet</name>
         <load_address>0x2910</load_address>
         <run_address>0x2910</run_address>
         <size>0x1fc</size>
         <input_file_ref idref="fl-145"/>
      </object_component>
      <object_component id="oc-f1">
         <name>.text</name>
         <load_address>0x2b0c</load_address>
         <run_address>0x2b0c</run_address>
         <size>0x1b8</size>
         <input_file_ref idref="fl-4"/>
      </object_component>
      <object_component id="oc-38">
         <name>.text</name>
         <load_address>0x2cc4</load_address>
         <run_address>0x2cc4</run_address>
         <size>0x134</size>
         <input_file_ref idref="fl-f"/>
      </object_component>
      <object_component id="oc-1a7">
         <name>.text:GPIOPadConfigSet</name>
         <load_address>0x2df8</load_address>
         <run_address>0x2df8</run_address>
         <size>0x130</size>
         <input_file_ref idref="fl-147"/>
      </object_component>
      <object_component id="oc-dd">
         <name>.text</name>
         <load_address>0x2f28</load_address>
         <run_address>0x2f28</run_address>
         <size>0x12a</size>
         <input_file_ref idref="fl-b"/>
      </object_component>
      <object_component id="oc-33">
         <name>.text</name>
         <load_address>0x3054</load_address>
         <run_address>0x3054</run_address>
         <size>0xd2</size>
         <input_file_ref idref="fl-10"/>
      </object_component>
      <object_component id="oc-c4">
         <name>.text</name>
         <load_address>0x3128</load_address>
         <run_address>0x3128</run_address>
         <size>0xc4</size>
         <input_file_ref idref="fl-2"/>
      </object_component>
      <object_component id="oc-41">
         <name>.text</name>
         <load_address>0x31ec</load_address>
         <run_address>0x31ec</run_address>
         <size>0x9c</size>
         <input_file_ref idref="fl-13d"/>
      </object_component>
      <object_component id="oc-139">
         <name>.text</name>
         <load_address>0x3288</load_address>
         <run_address>0x3288</run_address>
         <size>0x84</size>
         <input_file_ref idref="fl-6"/>
      </object_component>
      <object_component id="oc-1c3">
         <name>.text:ADCSequenceStepConfigure</name>
         <load_address>0x330c</load_address>
         <run_address>0x330c</run_address>
         <size>0x80</size>
         <input_file_ref idref="fl-149"/>
      </object_component>
      <object_component id="oc-5a">
         <name>.text</name>
         <load_address>0x338c</load_address>
         <run_address>0x338c</run_address>
         <size>0x7a</size>
         <input_file_ref idref="fl-13e"/>
      </object_component>
      <object_component id="oc-6c">
         <name>.text</name>
         <load_address>0x3408</load_address>
         <run_address>0x3408</run_address>
         <size>0x6c</size>
         <input_file_ref idref="fl-143"/>
      </object_component>
      <object_component id="oc-4d">
         <name>.text</name>
         <load_address>0x3474</load_address>
         <run_address>0x3474</run_address>
         <size>0x6a</size>
         <input_file_ref idref="fl-13a"/>
      </object_component>
      <object_component id="oc-133">
         <name>.text</name>
         <load_address>0x34e0</load_address>
         <run_address>0x34e0</run_address>
         <size>0x64</size>
         <input_file_ref idref="fl-8"/>
      </object_component>
      <object_component id="oc-24">
         <name>.text</name>
         <load_address>0x3544</load_address>
         <run_address>0x3544</run_address>
         <size>0x50</size>
         <input_file_ref idref="fl-138"/>
      </object_component>
      <object_component id="oc-127">
         <name>.text</name>
         <load_address>0x3594</load_address>
         <run_address>0x3594</run_address>
         <size>0x4c</size>
         <input_file_ref idref="fl-5"/>
      </object_component>
      <object_component id="oc-bc">
         <name>.text</name>
         <load_address>0x35e0</load_address>
         <run_address>0x35e0</run_address>
         <size>0x4c</size>
         <input_file_ref idref="fl-144"/>
      </object_component>
      <object_component id="oc-212">
         <name>.text:_SysCtlFrequencyGet</name>
         <load_address>0x362c</load_address>
         <run_address>0x362c</run_address>
         <size>0x48</size>
         <input_file_ref idref="fl-145"/>
      </object_component>
      <object_component id="oc-78">
         <name>.text</name>
         <load_address>0x3674</load_address>
         <run_address>0x3674</run_address>
         <size>0x44</size>
         <input_file_ref idref="fl-13c"/>
      </object_component>
      <object_component id="oc-1bd">
         <name>.text:ADCSequenceConfigure</name>
         <load_address>0x36b8</load_address>
         <run_address>0x36b8</run_address>
         <size>0x3e</size>
         <input_file_ref idref="fl-149"/>
      </object_component>
      <object_component id="oc-121">
         <name>.text</name>
         <load_address>0x36f8</load_address>
         <run_address>0x36f8</run_address>
         <size>0x38</size>
         <input_file_ref idref="fl-11"/>
      </object_component>
      <object_component id="oc-19b">
         <name>.text:SysCtlPeripheralEnable</name>
         <load_address>0x3730</load_address>
         <run_address>0x3730</run_address>
         <size>0x34</size>
         <input_file_ref idref="fl-145"/>
      </object_component>
      <object_component id="oc-1d5">
         <name>.text:ADCIntStatus</name>
         <load_address>0x3764</load_address>
         <run_address>0x3764</run_address>
         <size>0x2e</size>
         <input_file_ref idref="fl-149"/>
      </object_component>
      <object_component id="oc-230">
         <name>.text:GPIODirModeSet</name>
         <load_address>0x3792</load_address>
         <run_address>0x3792</run_address>
         <size>0x2a</size>
         <input_file_ref idref="fl-147"/>
      </object_component>
      <object_component id="oc-1db">
         <name>.text:ADCSequenceDataGet</name>
         <load_address>0x37bc</load_address>
         <run_address>0x37bc</run_address>
         <size>0x1e</size>
         <input_file_ref idref="fl-149"/>
      </object_component>
      <object_component id="oc-20c">
         <name>.text:_SysCtlMemTimingGet</name>
         <load_address>0x37dc</load_address>
         <run_address>0x37dc</run_address>
         <size>0x1c</size>
         <input_file_ref idref="fl-145"/>
      </object_component>
      <object_component id="oc-1a1">
         <name>.text:GPIOPinTypeGPIOOutput</name>
         <load_address>0x37f8</load_address>
         <run_address>0x37f8</run_address>
         <size>0x18</size>
         <input_file_ref idref="fl-147"/>
      </object_component>
      <object_component id="oc-72">
         <name>.text</name>
         <load_address>0x3810</load_address>
         <run_address>0x3810</run_address>
         <size>0x18</size>
         <input_file_ref idref="fl-142"/>
      </object_component>
      <object_component id="oc-1cf">
         <name>.text:ADCProcessorTrigger</name>
         <load_address>0x3828</load_address>
         <run_address>0x3828</run_address>
         <size>0x16</size>
         <input_file_ref idref="fl-149"/>
      </object_component>
      <object_component id="oc-147">
         <name>.text</name>
         <load_address>0x3840</load_address>
         <run_address>0x3840</run_address>
         <size>0x14</size>
         <input_file_ref idref="fl-141"/>
      </object_component>
      <object_component id="oc-1c9">
         <name>.text:ADCSequenceEnable</name>
         <load_address>0x3854</load_address>
         <run_address>0x3854</run_address>
         <size>0xe</size>
         <input_file_ref idref="fl-149"/>
      </object_component>
      <object_component id="oc-12d">
         <name>.text</name>
         <load_address>0x3862</load_address>
         <run_address>0x3862</run_address>
         <size>0xe</size>
         <input_file_ref idref="fl-7"/>
      </object_component>
      <object_component id="oc-12">
         <name>.text:decompress:none</name>
         <load_address>0x3870</load_address>
         <run_address>0x3870</run_address>
         <size>0xe</size>
         <input_file_ref idref="fl-139"/>
      </object_component>
      <object_component id="oc-2d">
         <name>.text</name>
         <load_address>0x387e</load_address>
         <run_address>0x387e</run_address>
         <size>0xc</size>
         <input_file_ref idref="fl-3"/>
      </object_component>
      <object_component id="oc-1e">
         <name>.text:decompress:ZI</name>
         <load_address>0x388a</load_address>
         <run_address>0x388a</run_address>
         <size>0xc</size>
         <input_file_ref idref="fl-13b"/>
      </object_component>
      <object_component id="oc-1e1">
         <name>.text:ADCIntClear</name>
         <load_address>0x3896</load_address>
         <run_address>0x3896</run_address>
         <size>0xa</size>
         <input_file_ref idref="fl-149"/>
      </object_component>
      <object_component id="oc-1ad">
         <name>.text:GPIOPinRead</name>
         <load_address>0x38a0</load_address>
         <run_address>0x38a0</run_address>
         <size>0x6</size>
         <input_file_ref idref="fl-147"/>
      </object_component>
      <object_component id="oc-1b3">
         <name>.text:GPIOPinWrite</name>
         <load_address>0x38a6</load_address>
         <run_address>0x38a6</run_address>
         <size>0x6</size>
         <input_file_ref idref="fl-147"/>
      </object_component>
      <object_component id="oc-18">
         <name>.text:decompress:rle24</name>
         <load_address>0x38ac</load_address>
         <run_address>0x38ac</run_address>
         <size>0x6</size>
         <input_file_ref idref="fl-13a"/>
      </object_component>
      <object_component id="oc-66">
         <name>.text</name>
         <load_address>0x38b2</load_address>
         <run_address>0x38b2</run_address>
         <size>0x4</size>
         <input_file_ref idref="fl-13f"/>
      </object_component>
      <object_component id="oc-21b">
         <name>.const:g_pppui32XTALtoVCO</name>
         <load_address>0x38b8</load_address>
         <run_address>0x38b8</run_address>
         <size>0x120</size>
         <input_file_ref idref="fl-145"/>
      </object_component>
      <object_component id="oc-218">
         <name>.const:g_pui32Xtals</name>
         <load_address>0x39d8</load_address>
         <run_address>0x39d8</run_address>
         <size>0x6c</size>
         <input_file_ref idref="fl-145"/>
      </object_component>
      <object_component id="oc-265">
         <name>.const:g_sXTALtoMEMTIM</name>
         <load_address>0x3a44</load_address>
         <run_address>0x3a44</run_address>
         <size>0x30</size>
         <input_file_ref idref="fl-145"/>
      </object_component>
      <object_component id="oc-21e">
         <name>.const</name>
         <load_address>0x3a74</load_address>
         <run_address>0x3a74</run_address>
         <size>0x8</size>
         <input_file_ref idref="fl-145"/>
      </object_component>
      <object_component id="oc-88">
         <name>.const</name>
         <load_address>0x3a7c</load_address>
         <run_address>0x3a7c</run_address>
         <size>0x4</size>
         <input_file_ref idref="fl-f"/>
      </object_component>
      <object_component id="oc-184">
         <name>.const</name>
         <load_address>0x3a80</load_address>
         <run_address>0x3a80</run_address>
         <size>0x2</size>
         <input_file_ref idref="fl-4"/>
      </object_component>
      <object_component id="oc-2a1">
         <name>.cinit..data.load</name>
         <load_address>0x3a88</load_address>
         <run_address>0x3a88</run_address>
         <size>0x1d</size>
      </object_component>
      <object_component id="oc-29f">
         <name>__TI_handler_table</name>
         <load_address>0x3aa8</load_address>
         <run_address>0x3aa8</run_address>
         <size>0xc</size>
      </object_component>
      <object_component id="oc-2a2">
         <name>.cinit..bss.load</name>
         <load_address>0x3ab8</load_address>
         <run_address>0x3ab8</run_address>
         <size>0x8</size>
      </object_component>
      <object_component id="oc-2a0">
         <name>__TI_cinit_table</name>
         <load_address>0x3ac0</load_address>
         <run_address>0x3ac0</run_address>
         <size>0x10</size>
      </object_component>
      <object_component id="oc-29">
         <name>.stack</name>
         <uninitialized>true</uninitialized>
         <run_address>0x2000c5a0</run_address>
         <size>0x0</size>
         <input_file_ref idref="fl-138"/>
      </object_component>
      <object_component id="oc-2a3">
         <name>.stack</name>
         <uninitialized>true</uninitialized>
         <run_address>0x2000c5a0</run_address>
         <size>0x0</size>
      </object_component>
      <object_component id="oc-2a">
         <name>.bss:pulStack</name>
         <uninitialized>true</uninitialized>
         <run_address>0x2000c350</run_address>
         <size>0x100</size>
         <input_file_ref idref="fl-3"/>
      </object_component>
      <object_component id="oc-180">
         <name>.bss:xHeap</name>
         <uninitialized>true</uninitialized>
         <run_address>0x20000000</run_address>
         <size>0xc350</size>
         <input_file_ref idref="fl-4"/>
      </object_component>
      <object_component id="oc-1f1">
         <name>.bss:xQueueRegistry</name>
         <uninitialized>true</uninitialized>
         <run_address>0x2000c4b4</run_address>
         <size>0x40</size>
         <input_file_ref idref="fl-c"/>
      </object_component>
      <object_component id="oc-e3">
         <name>.bss:pxReadyTasksLists</name>
         <uninitialized>true</uninitialized>
         <run_address>0x2000c450</run_address>
         <size>0x64</size>
         <input_file_ref idref="fl-d"/>
      </object_component>
      <object_component id="oc-17d">
         <name>.common:xStart</name>
         <uninitialized>true</uninitialized>
         <run_address>0x2000c588</run_address>
         <size>0x8</size>
      </object_component>
      <object_component id="oc-183">
         <name>.common:xEnd</name>
         <uninitialized>true</uninitialized>
         <run_address>0x2000c580</run_address>
         <size>0x8</size>
      </object_component>
      <object_component id="oc-f7">
         <name>.common:xDelayedTaskList1</name>
         <uninitialized>true</uninitialized>
         <run_address>0x2000c51c</run_address>
         <size>0x14</size>
      </object_component>
      <object_component id="oc-f8">
         <name>.common:xDelayedTaskList2</name>
         <uninitialized>true</uninitialized>
         <run_address>0x2000c530</run_address>
         <size>0x14</size>
      </object_component>
      <object_component id="oc-ef">
         <name>.common:pxDelayedTaskList</name>
         <uninitialized>true</uninitialized>
         <run_address>0x2000c594</run_address>
         <size>0x4</size>
      </object_component>
      <object_component id="oc-f0">
         <name>.common:pxOverflowDelayedTaskList</name>
         <uninitialized>true</uninitialized>
         <run_address>0x2000c598</run_address>
         <size>0x4</size>
      </object_component>
      <object_component id="oc-ee">
         <name>.common:xPendingReadyList</name>
         <uninitialized>true</uninitialized>
         <run_address>0x2000c544</run_address>
         <size>0x14</size>
      </object_component>
      <object_component id="oc-e6">
         <name>.common:xTasksWaitingTermination</name>
         <uninitialized>true</uninitialized>
         <run_address>0x2000c56c</run_address>
         <size>0x14</size>
      </object_component>
      <object_component id="oc-ed">
         <name>.common:xSuspendedTaskList</name>
         <uninitialized>true</uninitialized>
         <run_address>0x2000c558</run_address>
         <size>0x14</size>
      </object_component>
      <object_component id="oc-172">
         <name>.common:xActiveTimerList1</name>
         <uninitialized>true</uninitialized>
         <run_address>0x2000c4f4</run_address>
         <size>0x14</size>
      </object_component>
      <object_component id="oc-173">
         <name>.common:xActiveTimerList2</name>
         <uninitialized>true</uninitialized>
         <run_address>0x2000c508</run_address>
         <size>0x14</size>
      </object_component>
      <object_component id="oc-16e">
         <name>.common:pxCurrentTimerList</name>
         <uninitialized>true</uninitialized>
         <run_address>0x2000c590</run_address>
         <size>0x4</size>
      </object_component>
      <object_component id="oc-171">
         <name>.common:pxOverflowTimerList</name>
         <uninitialized>true</uninitialized>
         <run_address>0x2000c59c</run_address>
         <size>0x4</size>
      </object_component>
      <object_component id="oc-17a">
         <name>.data</name>
         <load_address>0x2000cde0</load_address>
         <run_address>0x2000cde0</run_address>
         <size>0x8</size>
         <input_file_ref idref="fl-4"/>
      </object_component>
      <object_component id="oc-85">
         <name>.data</name>
         <load_address>0x2000cda0</load_address>
         <run_address>0x2000cda0</run_address>
         <size>0x30</size>
         <input_file_ref idref="fl-d"/>
      </object_component>
      <object_component id="oc-16b">
         <name>.data</name>
         <load_address>0x2000ce00</load_address>
         <run_address>0x2000ce00</run_address>
         <size>0x8</size>
         <input_file_ref idref="fl-e"/>
      </object_component>
      <object_component id="oc-92">
         <name>.data</name>
         <load_address>0x2000cde8</load_address>
         <run_address>0x2000cde8</run_address>
         <size>0x8</size>
         <input_file_ref idref="fl-f"/>
      </object_component>
      <object_component id="oc-197">
         <name>.data</name>
         <load_address>0x2000cdd0</load_address>
         <run_address>0x2000cdd0</run_address>
         <size>0x10</size>
         <input_file_ref idref="fl-11"/>
      </object_component>
      <object_component id="oc-cf">
         <name>.data</name>
         <load_address>0x2000cdf8</load_address>
         <run_address>0x2000cdf8</run_address>
         <size>0x8</size>
         <input_file_ref idref="fl-13c"/>
      </object_component>
      <object_component id="oc-7e">
         <name>.data</name>
         <load_address>0x2000ce08</load_address>
         <run_address>0x2000ce08</run_address>
         <size>0x4</size>
         <input_file_ref idref="fl-140"/>
      </object_component>
      <object_component id="oc-cc">
         <name>.data</name>
         <load_address>0x2000cdf0</load_address>
         <run_address>0x2000cdf0</run_address>
         <size>0x8</size>
         <input_file_ref idref="fl-141"/>
      </object_component>
      <object_component id="oc-112">
         <name>.debug_info</name>
         <load_address>0x0</load_address>
         <run_address>0x0</run_address>
         <size>0x303</size>
         <input_file_ref idref="fl-2"/>
      </object_component>
      <object_component id="oc-c5">
         <name>.debug_info</name>
         <load_address>0x303</load_address>
         <run_address>0x303</run_address>
         <size>0x1de</size>
         <input_file_ref idref="fl-2"/>
      </object_component>
      <object_component id="oc-fa">
         <name>.debug_info</name>
         <load_address>0x4e1</load_address>
         <run_address>0x4e1</run_address>
         <size>0x2ef</size>
         <input_file_ref idref="fl-2"/>
      </object_component>
      <object_component id="oc-a3">
         <name>.debug_info</name>
         <load_address>0x7d0</load_address>
         <run_address>0x7d0</run_address>
         <size>0x84</size>
         <input_file_ref idref="fl-2"/>
      </object_component>
      <object_component id="oc-97">
         <name>.debug_info</name>
         <load_address>0x854</load_address>
         <run_address>0x854</run_address>
         <size>0x2c</size>
         <input_file_ref idref="fl-2"/>
      </object_component>
      <object_component id="oc-ff">
         <name>.debug_info</name>
         <load_address>0x880</load_address>
         <run_address>0x880</run_address>
         <size>0x18b</size>
         <input_file_ref idref="fl-2"/>
      </object_component>
      <object_component id="oc-9c">
         <name>.debug_info</name>
         <load_address>0xa0b</load_address>
         <run_address>0xa0b</run_address>
         <size>0xae</size>
         <input_file_ref idref="fl-2"/>
      </object_component>
      <object_component id="oc-10d">
         <name>.debug_info</name>
         <load_address>0xab9</load_address>
         <run_address>0xab9</run_address>
         <size>0x14c</size>
         <input_file_ref idref="fl-2"/>
      </object_component>
      <object_component id="oc-40">
         <name>.debug_info</name>
         <load_address>0xc05</load_address>
         <run_address>0xc05</run_address>
         <size>0x199</size>
         <input_file_ref idref="fl-3"/>
      </object_component>
      <object_component id="oc-2b">
         <name>.debug_info</name>
         <load_address>0xd9e</load_address>
         <run_address>0xd9e</run_address>
         <size>0x102</size>
         <input_file_ref idref="fl-3"/>
      </object_component>
      <object_component id="oc-10">
         <name>.debug_info</name>
         <load_address>0xea0</load_address>
         <run_address>0xea0</run_address>
         <size>0x10b</size>
         <input_file_ref idref="fl-3"/>
      </object_component>
      <object_component id="oc-2e">
         <name>.debug_info</name>
         <load_address>0xfab</load_address>
         <run_address>0xfab</run_address>
         <size>0x297</size>
         <input_file_ref idref="fl-3"/>
      </object_component>
      <object_component id="oc-17e">
         <name>.debug_info</name>
         <load_address>0x1242</load_address>
         <run_address>0x1242</run_address>
         <size>0x216</size>
         <input_file_ref idref="fl-4"/>
      </object_component>
      <object_component id="oc-181">
         <name>.debug_info</name>
         <load_address>0x1458</load_address>
         <run_address>0x1458</run_address>
         <size>0xe8</size>
         <input_file_ref idref="fl-4"/>
      </object_component>
      <object_component id="oc-185">
         <name>.debug_info</name>
         <load_address>0x1540</load_address>
         <run_address>0x1540</run_address>
         <size>0xfc</size>
         <input_file_ref idref="fl-4"/>
      </object_component>
      <object_component id="oc-17b">
         <name>.debug_info</name>
         <load_address>0x163c</load_address>
         <run_address>0x163c</run_address>
         <size>0x104</size>
         <input_file_ref idref="fl-4"/>
      </object_component>
      <object_component id="oc-f2">
         <name>.debug_info</name>
         <load_address>0x1740</load_address>
         <run_address>0x1740</run_address>
         <size>0x496</size>
         <input_file_ref idref="fl-4"/>
      </object_component>
      <object_component id="oc-157">
         <name>.debug_info</name>
         <load_address>0x1bd6</load_address>
         <run_address>0x1bd6</run_address>
         <size>0x110</size>
         <input_file_ref idref="fl-4"/>
      </object_component>
      <object_component id="oc-203">
         <name>.debug_info</name>
         <load_address>0x1ce6</load_address>
         <run_address>0x1ce6</run_address>
         <size>0xa7</size>
         <input_file_ref idref="fl-4"/>
      </object_component>
      <object_component id="oc-1ba">
         <name>.debug_info</name>
         <load_address>0x1d8d</load_address>
         <run_address>0x1d8d</run_address>
         <size>0x295</size>
         <input_file_ref idref="fl-5"/>
      </object_component>
      <object_component id="oc-128">
         <name>.debug_info</name>
         <load_address>0x2022</load_address>
         <run_address>0x2022</run_address>
         <size>0x22d</size>
         <input_file_ref idref="fl-5"/>
      </object_component>
      <object_component id="oc-1ea">
         <name>.debug_info</name>
         <load_address>0x224f</load_address>
         <run_address>0x224f</run_address>
         <size>0x26c</size>
         <input_file_ref idref="fl-6"/>
      </object_component>
      <object_component id="oc-13a">
         <name>.debug_info</name>
         <load_address>0x24bb</load_address>
         <run_address>0x24bb</run_address>
         <size>0x299</size>
         <input_file_ref idref="fl-6"/>
      </object_component>
      <object_component id="oc-1bc">
         <name>.debug_info</name>
         <load_address>0x2754</load_address>
         <run_address>0x2754</run_address>
         <size>0x179</size>
         <input_file_ref idref="fl-7"/>
      </object_component>
      <object_component id="oc-12e">
         <name>.debug_info</name>
         <load_address>0x28cd</load_address>
         <run_address>0x28cd</run_address>
         <size>0x1a6</size>
         <input_file_ref idref="fl-7"/>
      </object_component>
      <object_component id="oc-1e8">
         <name>.debug_info</name>
         <load_address>0x2a73</load_address>
         <run_address>0x2a73</run_address>
         <size>0x37d</size>
         <input_file_ref idref="fl-8"/>
      </object_component>
      <object_component id="oc-134">
         <name>.debug_info</name>
         <load_address>0x2df0</load_address>
         <run_address>0x2df0</run_address>
         <size>0x293</size>
         <input_file_ref idref="fl-8"/>
      </object_component>
      <object_component id="oc-249">
         <name>.debug_info</name>
         <load_address>0x3083</load_address>
         <run_address>0x3083</run_address>
         <size>0x8b</size>
         <input_file_ref idref="fl-8"/>
      </object_component>
      <object_component id="oc-1ee">
         <name>.debug_info</name>
         <load_address>0x310e</load_address>
         <run_address>0x310e</run_address>
         <size>0x463</size>
         <input_file_ref idref="fl-a"/>
      </object_component>
      <object_component id="oc-252">
         <name>.debug_info</name>
         <load_address>0x3571</load_address>
         <run_address>0x3571</run_address>
         <size>0x39</size>
         <input_file_ref idref="fl-a"/>
      </object_component>
      <object_component id="oc-15c">
         <name>.debug_info</name>
         <load_address>0x35aa</load_address>
         <run_address>0x35aa</run_address>
         <size>0x46</size>
         <input_file_ref idref="fl-a"/>
      </object_component>
      <object_component id="oc-257">
         <name>.debug_info</name>
         <load_address>0x35f0</load_address>
         <run_address>0x35f0</run_address>
         <size>0x84</size>
         <input_file_ref idref="fl-a"/>
      </object_component>
      <object_component id="oc-162">
         <name>.debug_info</name>
         <load_address>0x3674</load_address>
         <run_address>0x3674</run_address>
         <size>0x172</size>
         <input_file_ref idref="fl-b"/>
      </object_component>
      <object_component id="oc-de">
         <name>.debug_info</name>
         <load_address>0x37e6</load_address>
         <run_address>0x37e6</run_address>
         <size>0x693</size>
         <input_file_ref idref="fl-b"/>
      </object_component>
      <object_component id="oc-1fa">
         <name>.debug_info</name>
         <load_address>0x3e79</load_address>
         <run_address>0x3e79</run_address>
         <size>0x658</size>
         <input_file_ref idref="fl-c"/>
      </object_component>
      <object_component id="oc-1f2">
         <name>.debug_info</name>
         <load_address>0x44d1</load_address>
         <run_address>0x44d1</run_address>
         <size>0x12d</size>
         <input_file_ref idref="fl-c"/>
      </object_component>
      <object_component id="oc-166">
         <name>.debug_info</name>
         <load_address>0x45fe</load_address>
         <run_address>0x45fe</run_address>
         <size>0x31d8</size>
         <input_file_ref idref="fl-c"/>
      </object_component>
      <object_component id="oc-260">
         <name>.debug_info</name>
         <load_address>0x77d6</load_address>
         <run_address>0x77d6</run_address>
         <size>0x1db</size>
         <input_file_ref idref="fl-c"/>
      </object_component>
      <object_component id="oc-1f5">
         <name>.debug_info</name>
         <load_address>0x79b1</load_address>
         <run_address>0x79b1</run_address>
         <size>0x46</size>
         <input_file_ref idref="fl-c"/>
      </object_component>
      <object_component id="oc-d9">
         <name>.debug_info</name>
         <load_address>0x79f7</load_address>
         <run_address>0x79f7</run_address>
         <size>0x754</size>
         <input_file_ref idref="fl-d"/>
      </object_component>
      <object_component id="oc-86">
         <name>.debug_info</name>
         <load_address>0x814b</load_address>
         <run_address>0x814b</run_address>
         <size>0x336</size>
         <input_file_ref idref="fl-d"/>
      </object_component>
      <object_component id="oc-e4">
         <name>.debug_info</name>
         <load_address>0x8481</load_address>
         <run_address>0x8481</run_address>
         <size>0x132</size>
         <input_file_ref idref="fl-d"/>
      </object_component>
      <object_component id="oc-8c">
         <name>.debug_info</name>
         <load_address>0x85b3</load_address>
         <run_address>0x85b3</run_address>
         <size>0x5514</size>
         <input_file_ref idref="fl-d"/>
      </object_component>
      <object_component id="oc-104">
         <name>.debug_info</name>
         <load_address>0xdac7</load_address>
         <run_address>0xdac7</run_address>
         <size>0x177</size>
         <input_file_ref idref="fl-d"/>
      </object_component>
      <object_component id="oc-16f">
         <name>.debug_info</name>
         <load_address>0xdc3e</load_address>
         <run_address>0xdc3e</run_address>
         <size>0x74d</size>
         <input_file_ref idref="fl-e"/>
      </object_component>
      <object_component id="oc-16c">
         <name>.debug_info</name>
         <load_address>0xe38b</load_address>
         <run_address>0xe38b</run_address>
         <size>0x127</size>
         <input_file_ref idref="fl-e"/>
      </object_component>
      <object_component id="oc-e8">
         <name>.debug_info</name>
         <load_address>0xe4b2</load_address>
         <run_address>0xe4b2</run_address>
         <size>0x1c7e</size>
         <input_file_ref idref="fl-e"/>
      </object_component>
      <object_component id="oc-175">
         <name>.debug_info</name>
         <load_address>0x10130</load_address>
         <run_address>0x10130</run_address>
         <size>0x1dc</size>
         <input_file_ref idref="fl-e"/>
      </object_component>
      <object_component id="oc-96">
         <name>.debug_info</name>
         <load_address>0x1030c</load_address>
         <run_address>0x1030c</run_address>
         <size>0x248</size>
         <input_file_ref idref="fl-f"/>
      </object_component>
      <object_component id="oc-89">
         <name>.debug_info</name>
         <load_address>0x10554</load_address>
         <run_address>0x10554</run_address>
         <size>0x160</size>
         <input_file_ref idref="fl-f"/>
      </object_component>
      <object_component id="oc-93">
         <name>.debug_info</name>
         <load_address>0x106b4</load_address>
         <run_address>0x106b4</run_address>
         <size>0x17b</size>
         <input_file_ref idref="fl-f"/>
      </object_component>
      <object_component id="oc-39">
         <name>.debug_info</name>
         <load_address>0x1082f</load_address>
         <run_address>0x1082f</run_address>
         <size>0x99c</size>
         <input_file_ref idref="fl-f"/>
      </object_component>
      <object_component id="oc-34">
         <name>.debug_info</name>
         <load_address>0x111cb</load_address>
         <run_address>0x111cb</run_address>
         <size>0x2a8</size>
         <input_file_ref idref="fl-10"/>
      </object_component>
      <object_component id="oc-198">
         <name>.debug_info</name>
         <load_address>0x11473</load_address>
         <run_address>0x11473</run_address>
         <size>0x1ad</size>
         <input_file_ref idref="fl-11"/>
      </object_component>
      <object_component id="oc-122">
         <name>.debug_info</name>
         <load_address>0x11620</load_address>
         <run_address>0x11620</run_address>
         <size>0x1c3</size>
         <input_file_ref idref="fl-11"/>
      </object_component>
      <object_component id="oc-27">
         <name>.debug_info</name>
         <load_address>0x117e3</load_address>
         <run_address>0x117e3</run_address>
         <size>0x138</size>
         <input_file_ref idref="fl-138"/>
      </object_component>
      <object_component id="oc-4c">
         <name>.debug_info</name>
         <load_address>0x1191b</load_address>
         <run_address>0x1191b</run_address>
         <size>0x123</size>
         <input_file_ref idref="fl-139"/>
      </object_component>
      <object_component id="oc-16">
         <name>.debug_info</name>
         <load_address>0x11a3e</load_address>
         <run_address>0x11a3e</run_address>
         <size>0x1c2</size>
         <input_file_ref idref="fl-139"/>
      </object_component>
      <object_component id="oc-47">
         <name>.debug_info</name>
         <load_address>0x11c00</load_address>
         <run_address>0x11c00</run_address>
         <size>0x46</size>
         <input_file_ref idref="fl-139"/>
      </object_component>
      <object_component id="oc-a9">
         <name>.debug_info</name>
         <load_address>0x11c46</load_address>
         <run_address>0x11c46</run_address>
         <size>0x2c</size>
         <input_file_ref idref="fl-139"/>
      </object_component>
      <object_component id="oc-54">
         <name>.debug_info</name>
         <load_address>0x11c72</load_address>
         <run_address>0x11c72</run_address>
         <size>0x117</size>
         <input_file_ref idref="fl-13a"/>
      </object_component>
      <object_component id="oc-4f">
         <name>.debug_info</name>
         <load_address>0x11d89</load_address>
         <run_address>0x11d89</run_address>
         <size>0x22a</size>
         <input_file_ref idref="fl-13a"/>
      </object_component>
      <object_component id="oc-1b">
         <name>.debug_info</name>
         <load_address>0x11fb3</load_address>
         <run_address>0x11fb3</run_address>
         <size>0x1bc</size>
         <input_file_ref idref="fl-13a"/>
      </object_component>
      <object_component id="oc-55">
         <name>.debug_info</name>
         <load_address>0x1216f</load_address>
         <run_address>0x1216f</run_address>
         <size>0x39</size>
         <input_file_ref idref="fl-13a"/>
      </object_component>
      <object_component id="oc-b3">
         <name>.debug_info</name>
         <load_address>0x121a8</load_address>
         <run_address>0x121a8</run_address>
         <size>0x2c</size>
         <input_file_ref idref="fl-13a"/>
      </object_component>
      <object_component id="oc-65">
         <name>.debug_info</name>
         <load_address>0x121d4</load_address>
         <run_address>0x121d4</run_address>
         <size>0x112</size>
         <input_file_ref idref="fl-13b"/>
      </object_component>
      <object_component id="oc-1f">
         <name>.debug_info</name>
         <load_address>0x122e6</load_address>
         <run_address>0x122e6</run_address>
         <size>0x18d</size>
         <input_file_ref idref="fl-13b"/>
      </object_component>
      <object_component id="oc-60">
         <name>.debug_info</name>
         <load_address>0x12473</load_address>
         <run_address>0x12473</run_address>
         <size>0x46</size>
         <input_file_ref idref="fl-13b"/>
      </object_component>
      <object_component id="oc-d3">
         <name>.debug_info</name>
         <load_address>0x124b9</load_address>
         <run_address>0x124b9</run_address>
         <size>0x174</size>
         <input_file_ref idref="fl-13c"/>
      </object_component>
      <object_component id="oc-d0">
         <name>.debug_info</name>
         <load_address>0x1262d</load_address>
         <run_address>0x1262d</run_address>
         <size>0x119</size>
         <input_file_ref idref="fl-13c"/>
      </object_component>
      <object_component id="oc-79">
         <name>.debug_info</name>
         <load_address>0x12746</load_address>
         <run_address>0x12746</run_address>
         <size>0x1f0</size>
         <input_file_ref idref="fl-13c"/>
      </object_component>
      <object_component id="oc-42">
         <name>.debug_info</name>
         <load_address>0x12936</load_address>
         <run_address>0x12936</run_address>
         <size>0xfa</size>
         <input_file_ref idref="fl-13d"/>
      </object_component>
      <object_component id="oc-5b">
         <name>.debug_info</name>
         <load_address>0x12a30</load_address>
         <run_address>0x12a30</run_address>
         <size>0x12a</size>
         <input_file_ref idref="fl-13e"/>
      </object_component>
      <object_component id="oc-67">
         <name>.debug_info</name>
         <load_address>0x12b5a</load_address>
         <run_address>0x12b5a</run_address>
         <size>0x12b</size>
         <input_file_ref idref="fl-13f"/>
      </object_component>
      <object_component id="oc-7f">
         <name>.debug_info</name>
         <load_address>0x12c85</load_address>
         <run_address>0x12c85</run_address>
         <size>0xec</size>
         <input_file_ref idref="fl-140"/>
      </object_component>
      <object_component id="oc-14f">
         <name>.debug_info</name>
         <load_address>0x12d71</load_address>
         <run_address>0x12d71</run_address>
         <size>0x107</size>
         <input_file_ref idref="fl-141"/>
      </object_component>
      <object_component id="oc-cd">
         <name>.debug_info</name>
         <load_address>0x12e78</load_address>
         <run_address>0x12e78</run_address>
         <size>0xf6</size>
         <input_file_ref idref="fl-141"/>
      </object_component>
      <object_component id="oc-14a">
         <name>.debug_info</name>
         <load_address>0x12f6e</load_address>
         <run_address>0x12f6e</run_address>
         <size>0x202</size>
         <input_file_ref idref="fl-141"/>
      </object_component>
      <object_component id="oc-cb">
         <name>.debug_info</name>
         <load_address>0x13170</load_address>
         <run_address>0x13170</run_address>
         <size>0x149</size>
         <input_file_ref idref="fl-142"/>
      </object_component>
      <object_component id="oc-76">
         <name>.debug_info</name>
         <load_address>0x132b9</load_address>
         <run_address>0x132b9</run_address>
         <size>0x14a</size>
         <input_file_ref idref="fl-142"/>
      </object_component>
      <object_component id="oc-142">
         <name>.debug_info</name>
         <load_address>0x13403</load_address>
         <run_address>0x13403</run_address>
         <size>0x5e</size>
         <input_file_ref idref="fl-142"/>
      </object_component>
      <object_component id="oc-c3">
         <name>.debug_info</name>
         <load_address>0x13461</load_address>
         <run_address>0x13461</run_address>
         <size>0x2a0</size>
         <input_file_ref idref="fl-143"/>
      </object_component>
      <object_component id="oc-70">
         <name>.debug_info</name>
         <load_address>0x13701</load_address>
         <run_address>0x13701</run_address>
         <size>0x15a</size>
         <input_file_ref idref="fl-143"/>
      </object_component>
      <object_component id="oc-117">
         <name>.debug_info</name>
         <load_address>0x1385b</load_address>
         <run_address>0x1385b</run_address>
         <size>0x39</size>
         <input_file_ref idref="fl-143"/>
      </object_component>
      <object_component id="oc-11c">
         <name>.debug_info</name>
         <load_address>0x13894</load_address>
         <run_address>0x13894</run_address>
         <size>0xcd</size>
         <input_file_ref idref="fl-143"/>
      </object_component>
      <object_component id="oc-114">
         <name>.debug_info</name>
         <load_address>0x13961</load_address>
         <run_address>0x13961</run_address>
         <size>0x1c3</size>
         <input_file_ref idref="fl-144"/>
      </object_component>
      <object_component id="oc-c0">
         <name>.debug_info</name>
         <load_address>0x13b24</load_address>
         <run_address>0x13b24</run_address>
         <size>0x17f</size>
         <input_file_ref idref="fl-144"/>
      </object_component>
      <object_component id="oc-18c">
         <name>.debug_info</name>
         <load_address>0x13ca3</load_address>
         <run_address>0x13ca3</run_address>
         <size>0x2c</size>
         <input_file_ref idref="fl-144"/>
      </object_component>
      <object_component id="oc-22c">
         <name>.debug_info</name>
         <load_address>0x13ccf</load_address>
         <run_address>0x13ccf</run_address>
         <size>0x226</size>
         <input_file_ref idref="fl-145"/>
      </object_component>
      <object_component id="oc-219">
         <name>.debug_info</name>
         <load_address>0x13ef5</load_address>
         <run_address>0x13ef5</run_address>
         <size>0xff</size>
         <input_file_ref idref="fl-145"/>
      </object_component>
      <object_component id="oc-21c">
         <name>.debug_info</name>
         <load_address>0x13ff4</load_address>
         <run_address>0x13ff4</run_address>
         <size>0x10b</size>
         <input_file_ref idref="fl-145"/>
      </object_component>
      <object_component id="oc-266">
         <name>.debug_info</name>
         <load_address>0x140ff</load_address>
         <run_address>0x140ff</run_address>
         <size>0x105</size>
         <input_file_ref idref="fl-145"/>
      </object_component>
      <object_component id="oc-21f">
         <name>.debug_info</name>
         <load_address>0x14204</load_address>
         <run_address>0x14204</run_address>
         <size>0x112</size>
         <input_file_ref idref="fl-145"/>
      </object_component>
      <object_component id="oc-19f">
         <name>.debug_info</name>
         <load_address>0x14316</load_address>
         <run_address>0x14316</run_address>
         <size>0x1e1</size>
         <input_file_ref idref="fl-145"/>
      </object_component>
      <object_component id="oc-210">
         <name>.debug_info</name>
         <load_address>0x144f7</load_address>
         <run_address>0x144f7</run_address>
         <size>0x264</size>
         <input_file_ref idref="fl-145"/>
      </object_component>
      <object_component id="oc-216">
         <name>.debug_info</name>
         <load_address>0x1475b</load_address>
         <run_address>0x1475b</run_address>
         <size>0x21e</size>
         <input_file_ref idref="fl-145"/>
      </object_component>
      <object_component id="oc-195">
         <name>.debug_info</name>
         <load_address>0x14979</load_address>
         <run_address>0x14979</run_address>
         <size>0x4c5</size>
         <input_file_ref idref="fl-145"/>
      </object_component>
      <object_component id="oc-272">
         <name>.debug_info</name>
         <load_address>0x14e3e</load_address>
         <run_address>0x14e3e</run_address>
         <size>0x5f</size>
         <input_file_ref idref="fl-145"/>
      </object_component>
      <object_component id="oc-227">
         <name>.debug_info</name>
         <load_address>0x14e9d</load_address>
         <run_address>0x14e9d</run_address>
         <size>0x90</size>
         <input_file_ref idref="fl-145"/>
      </object_component>
      <object_component id="oc-222">
         <name>.debug_info</name>
         <load_address>0x14f2d</load_address>
         <run_address>0x14f2d</run_address>
         <size>0x18b</size>
         <input_file_ref idref="fl-145"/>
      </object_component>
      <object_component id="oc-238">
         <name>.debug_info</name>
         <load_address>0x150b8</load_address>
         <run_address>0x150b8</run_address>
         <size>0x1d7</size>
         <input_file_ref idref="fl-147"/>
      </object_component>
      <object_component id="oc-1b4">
         <name>.debug_info</name>
         <load_address>0x1528f</load_address>
         <run_address>0x1528f</run_address>
         <size>0x207</size>
         <input_file_ref idref="fl-147"/>
      </object_component>
      <object_component id="oc-231">
         <name>.debug_info</name>
         <load_address>0x15496</load_address>
         <run_address>0x15496</run_address>
         <size>0x217</size>
         <input_file_ref idref="fl-147"/>
      </object_component>
      <object_component id="oc-1a8">
         <name>.debug_info</name>
         <load_address>0x156ad</load_address>
         <run_address>0x156ad</run_address>
         <size>0x312</size>
         <input_file_ref idref="fl-147"/>
      </object_component>
      <object_component id="oc-1a3">
         <name>.debug_info</name>
         <load_address>0x159bf</load_address>
         <run_address>0x159bf</run_address>
         <size>0x1eb</size>
         <input_file_ref idref="fl-147"/>
      </object_component>
      <object_component id="oc-1af">
         <name>.debug_info</name>
         <load_address>0x15baa</load_address>
         <run_address>0x15baa</run_address>
         <size>0x1df</size>
         <input_file_ref idref="fl-147"/>
      </object_component>
      <object_component id="oc-240">
         <name>.debug_info</name>
         <load_address>0x15d89</load_address>
         <run_address>0x15d89</run_address>
         <size>0x1a8</size>
         <input_file_ref idref="fl-149"/>
      </object_component>
      <object_component id="oc-1c4">
         <name>.debug_info</name>
         <load_address>0x15f31</load_address>
         <run_address>0x15f31</run_address>
         <size>0x297</size>
         <input_file_ref idref="fl-149"/>
      </object_component>
      <object_component id="oc-1ca">
         <name>.debug_info</name>
         <load_address>0x161c8</load_address>
         <run_address>0x161c8</run_address>
         <size>0x204</size>
         <input_file_ref idref="fl-149"/>
      </object_component>
      <object_component id="oc-1dc">
         <name>.debug_info</name>
         <load_address>0x163cc</load_address>
         <run_address>0x163cc</run_address>
         <size>0x2fb</size>
         <input_file_ref idref="fl-149"/>
      </object_component>
      <object_component id="oc-1be">
         <name>.debug_info</name>
         <load_address>0x166c7</load_address>
         <run_address>0x166c7</run_address>
         <size>0x28a</size>
         <input_file_ref idref="fl-149"/>
      </object_component>
      <object_component id="oc-1d0">
         <name>.debug_info</name>
         <load_address>0x16951</load_address>
         <run_address>0x16951</run_address>
         <size>0x208</size>
         <input_file_ref idref="fl-149"/>
      </object_component>
      <object_component id="oc-1d6">
         <name>.debug_info</name>
         <load_address>0x16b59</load_address>
         <run_address>0x16b59</run_address>
         <size>0x245</size>
         <input_file_ref idref="fl-149"/>
      </object_component>
      <object_component id="oc-1e3">
         <name>.debug_info</name>
         <load_address>0x16d9e</load_address>
         <run_address>0x16d9e</run_address>
         <size>0x1f8</size>
         <input_file_ref idref="fl-149"/>
      </object_component>
      <object_component id="oc-2a4">
         <name>.debug_info</name>
         <load_address>0x16f96</load_address>
         <run_address>0x16f96</run_address>
         <size>0xc3</size>
      </object_component>
      <object_component id="oc-189">
         <name>.debug_line</name>
         <load_address>0x0</load_address>
         <run_address>0x0</run_address>
         <size>0xf5</size>
         <input_file_ref idref="fl-2"/>
      </object_component>
      <object_component id="oc-c8">
         <name>.debug_line</name>
         <load_address>0xf5</load_address>
         <run_address>0xf5</run_address>
         <size>0x53</size>
         <input_file_ref idref="fl-2"/>
      </object_component>
      <object_component id="oc-fd">
         <name>.debug_line</name>
         <load_address>0x148</load_address>
         <run_address>0x148</run_address>
         <size>0x68</size>
         <input_file_ref idref="fl-2"/>
      </object_component>
      <object_component id="oc-a6">
         <name>.debug_line</name>
         <load_address>0x1b0</load_address>
         <run_address>0x1b0</run_address>
         <size>0x20</size>
         <input_file_ref idref="fl-2"/>
      </object_component>
      <object_component id="oc-9a">
         <name>.debug_line</name>
         <load_address>0x1d0</load_address>
         <run_address>0x1d0</run_address>
         <size>0x6c</size>
         <input_file_ref idref="fl-2"/>
      </object_component>
      <object_component id="oc-102">
         <name>.debug_line</name>
         <load_address>0x23c</load_address>
         <run_address>0x23c</run_address>
         <size>0x6d</size>
         <input_file_ref idref="fl-2"/>
      </object_component>
      <object_component id="oc-9f">
         <name>.debug_line</name>
         <load_address>0x2a9</load_address>
         <run_address>0x2a9</run_address>
         <size>0x7b</size>
         <input_file_ref idref="fl-2"/>
      </object_component>
      <object_component id="oc-110">
         <name>.debug_line</name>
         <load_address>0x324</load_address>
         <run_address>0x324</run_address>
         <size>0x68</size>
         <input_file_ref idref="fl-2"/>
      </object_component>
      <object_component id="oc-a2">
         <name>.debug_line</name>
         <load_address>0x38c</load_address>
         <run_address>0x38c</run_address>
         <size>0x43</size>
         <input_file_ref idref="fl-3"/>
      </object_component>
      <object_component id="oc-83">
         <name>.debug_line</name>
         <load_address>0x3cf</load_address>
         <run_address>0x3cf</run_address>
         <size>0x43</size>
         <input_file_ref idref="fl-3"/>
      </object_component>
      <object_component id="oc-3f">
         <name>.debug_line</name>
         <load_address>0x412</load_address>
         <run_address>0x412</run_address>
         <size>0x43</size>
         <input_file_ref idref="fl-3"/>
      </object_component>
      <object_component id="oc-31">
         <name>.debug_line</name>
         <load_address>0x455</load_address>
         <run_address>0x455</run_address>
         <size>0xa3</size>
         <input_file_ref idref="fl-3"/>
      </object_component>
      <object_component id="oc-202">
         <name>.debug_line</name>
         <load_address>0x4f8</load_address>
         <run_address>0x4f8</run_address>
         <size>0x77</size>
         <input_file_ref idref="fl-4"/>
      </object_component>
      <object_component id="oc-209">
         <name>.debug_line</name>
         <load_address>0x56f</load_address>
         <run_address>0x56f</run_address>
         <size>0x2f</size>
         <input_file_ref idref="fl-4"/>
      </object_component>
      <object_component id="oc-20b">
         <name>.debug_line</name>
         <load_address>0x59e</load_address>
         <run_address>0x59e</run_address>
         <size>0x2f</size>
         <input_file_ref idref="fl-4"/>
      </object_component>
      <object_component id="oc-200">
         <name>.debug_line</name>
         <load_address>0x5cd</load_address>
         <run_address>0x5cd</run_address>
         <size>0x2f</size>
         <input_file_ref idref="fl-4"/>
      </object_component>
      <object_component id="oc-f5">
         <name>.debug_line</name>
         <load_address>0x5fc</load_address>
         <run_address>0x5fc</run_address>
         <size>0xe2</size>
         <input_file_ref idref="fl-4"/>
      </object_component>
      <object_component id="oc-15a">
         <name>.debug_line</name>
         <load_address>0x6de</load_address>
         <run_address>0x6de</run_address>
         <size>0x6d</size>
         <input_file_ref idref="fl-4"/>
      </object_component>
      <object_component id="oc-206">
         <name>.debug_line</name>
         <load_address>0x74b</load_address>
         <run_address>0x74b</run_address>
         <size>0x2f</size>
         <input_file_ref idref="fl-4"/>
      </object_component>
      <object_component id="oc-23c">
         <name>.debug_line</name>
         <load_address>0x77a</load_address>
         <run_address>0x77a</run_address>
         <size>0xca</size>
         <input_file_ref idref="fl-5"/>
      </object_component>
      <object_component id="oc-12b">
         <name>.debug_line</name>
         <load_address>0x844</load_address>
         <run_address>0x844</run_address>
         <size>0x60</size>
         <input_file_ref idref="fl-5"/>
      </object_component>
      <object_component id="oc-24f">
         <name>.debug_line</name>
         <load_address>0x8a4</load_address>
         <run_address>0x8a4</run_address>
         <size>0xca</size>
         <input_file_ref idref="fl-6"/>
      </object_component>
      <object_component id="oc-13d">
         <name>.debug_line</name>
         <load_address>0x96e</load_address>
         <run_address>0x96e</run_address>
         <size>0x6d</size>
         <input_file_ref idref="fl-6"/>
      </object_component>
      <object_component id="oc-23e">
         <name>.debug_line</name>
         <load_address>0x9db</load_address>
         <run_address>0x9db</run_address>
         <size>0x68</size>
         <input_file_ref idref="fl-7"/>
      </object_component>
      <object_component id="oc-131">
         <name>.debug_line</name>
         <load_address>0xa43</load_address>
         <run_address>0xa43</run_address>
         <size>0x56</size>
         <input_file_ref idref="fl-7"/>
      </object_component>
      <object_component id="oc-248">
         <name>.debug_line</name>
         <load_address>0xa99</load_address>
         <run_address>0xa99</run_address>
         <size>0xc9</size>
         <input_file_ref idref="fl-8"/>
      </object_component>
      <object_component id="oc-137">
         <name>.debug_line</name>
         <load_address>0xb62</load_address>
         <run_address>0xb62</run_address>
         <size>0x6b</size>
         <input_file_ref idref="fl-8"/>
      </object_component>
      <object_component id="oc-24c">
         <name>.debug_line</name>
         <load_address>0xbcd</load_address>
         <run_address>0xbcd</run_address>
         <size>0x20</size>
         <input_file_ref idref="fl-8"/>
      </object_component>
      <object_component id="oc-251">
         <name>.debug_line</name>
         <load_address>0xbed</load_address>
         <run_address>0xbed</run_address>
         <size>0x157</size>
         <input_file_ref idref="fl-a"/>
      </object_component>
      <object_component id="oc-255">
         <name>.debug_line</name>
         <load_address>0xd44</load_address>
         <run_address>0xd44</run_address>
         <size>0x70</size>
         <input_file_ref idref="fl-a"/>
      </object_component>
      <object_component id="oc-15f">
         <name>.debug_line</name>
         <load_address>0xdb4</load_address>
         <run_address>0xdb4</run_address>
         <size>0x6a</size>
         <input_file_ref idref="fl-a"/>
      </object_component>
      <object_component id="oc-25a">
         <name>.debug_line</name>
         <load_address>0xe1e</load_address>
         <run_address>0xe1e</run_address>
         <size>0x68</size>
         <input_file_ref idref="fl-a"/>
      </object_component>
      <object_component id="oc-1f0">
         <name>.debug_line</name>
         <load_address>0xe86</load_address>
         <run_address>0xe86</run_address>
         <size>0x20</size>
         <input_file_ref idref="fl-b"/>
      </object_component>
      <object_component id="oc-e1">
         <name>.debug_line</name>
         <load_address>0xea6</load_address>
         <run_address>0xea6</run_address>
         <size>0x118</size>
         <input_file_ref idref="fl-b"/>
      </object_component>
      <object_component id="oc-25f">
         <name>.debug_line</name>
         <load_address>0xfbe</load_address>
         <run_address>0xfbe</run_address>
         <size>0x1a4</size>
         <input_file_ref idref="fl-c"/>
      </object_component>
      <object_component id="oc-25d">
         <name>.debug_line</name>
         <load_address>0x1162</load_address>
         <run_address>0x1162</run_address>
         <size>0x61</size>
         <input_file_ref idref="fl-c"/>
      </object_component>
      <object_component id="oc-169">
         <name>.debug_line</name>
         <load_address>0x11c3</load_address>
         <run_address>0x11c3</run_address>
         <size>0x777</size>
         <input_file_ref idref="fl-c"/>
      </object_component>
      <object_component id="oc-263">
         <name>.debug_line</name>
         <load_address>0x193a</load_address>
         <run_address>0x193a</run_address>
         <size>0x61</size>
         <input_file_ref idref="fl-c"/>
      </object_component>
      <object_component id="oc-1f8">
         <name>.debug_line</name>
         <load_address>0x199b</load_address>
         <run_address>0x199b</run_address>
         <size>0x69</size>
         <input_file_ref idref="fl-c"/>
      </object_component>
      <object_component id="oc-156">
         <name>.debug_line</name>
         <load_address>0x1a04</load_address>
         <run_address>0x1a04</run_address>
         <size>0x1e7</size>
         <input_file_ref idref="fl-d"/>
      </object_component>
      <object_component id="oc-d8">
         <name>.debug_line</name>
         <load_address>0x1beb</load_address>
         <run_address>0x1beb</run_address>
         <size>0x61</size>
         <input_file_ref idref="fl-d"/>
      </object_component>
      <object_component id="oc-164">
         <name>.debug_line</name>
         <load_address>0x1c4c</load_address>
         <run_address>0x1c4c</run_address>
         <size>0x61</size>
         <input_file_ref idref="fl-d"/>
      </object_component>
      <object_component id="oc-8f">
         <name>.debug_line</name>
         <load_address>0x1cad</load_address>
         <run_address>0x1cad</run_address>
         <size>0xc66</size>
         <input_file_ref idref="fl-d"/>
      </object_component>
      <object_component id="oc-107">
         <name>.debug_line</name>
         <load_address>0x2913</load_address>
         <run_address>0x2913</run_address>
         <size>0x61</size>
         <input_file_ref idref="fl-d"/>
      </object_component>
      <object_component id="oc-1fe">
         <name>.debug_line</name>
         <load_address>0x2974</load_address>
         <run_address>0x2974</run_address>
         <size>0x1e2</size>
         <input_file_ref idref="fl-e"/>
      </object_component>
      <object_component id="oc-1fc">
         <name>.debug_line</name>
         <load_address>0x2b56</load_address>
         <run_address>0x2b56</run_address>
         <size>0x62</size>
         <input_file_ref idref="fl-e"/>
      </object_component>
      <object_component id="oc-eb">
         <name>.debug_line</name>
         <load_address>0x2bb8</load_address>
         <run_address>0x2bb8</run_address>
         <size>0x413</size>
         <input_file_ref idref="fl-e"/>
      </object_component>
      <object_component id="oc-178">
         <name>.debug_line</name>
         <load_address>0x2fcb</load_address>
         <run_address>0x2fcb</run_address>
         <size>0x62</size>
         <input_file_ref idref="fl-e"/>
      </object_component>
      <object_component id="oc-10c">
         <name>.debug_line</name>
         <load_address>0x302d</load_address>
         <run_address>0x302d</run_address>
         <size>0xbe</size>
         <input_file_ref idref="fl-f"/>
      </object_component>
      <object_component id="oc-dc">
         <name>.debug_line</name>
         <load_address>0x30eb</load_address>
         <run_address>0x30eb</run_address>
         <size>0x76</size>
         <input_file_ref idref="fl-f"/>
      </object_component>
      <object_component id="oc-10a">
         <name>.debug_line</name>
         <load_address>0x3161</load_address>
         <run_address>0x3161</run_address>
         <size>0x76</size>
         <input_file_ref idref="fl-f"/>
      </object_component>
      <object_component id="oc-3c">
         <name>.debug_line</name>
         <load_address>0x31d7</load_address>
         <run_address>0x31d7</run_address>
         <size>0x172</size>
         <input_file_ref idref="fl-f"/>
      </object_component>
      <object_component id="oc-37">
         <name>.debug_line</name>
         <load_address>0x3349</load_address>
         <run_address>0x3349</run_address>
         <size>0x112</size>
         <input_file_ref idref="fl-10"/>
      </object_component>
      <object_component id="oc-22e">
         <name>.debug_line</name>
         <load_address>0x345b</load_address>
         <run_address>0x345b</run_address>
         <size>0x52</size>
         <input_file_ref idref="fl-11"/>
      </object_component>
      <object_component id="oc-125">
         <name>.debug_line</name>
         <load_address>0x34ad</load_address>
         <run_address>0x34ad</run_address>
         <size>0x71</size>
         <input_file_ref idref="fl-11"/>
      </object_component>
      <object_component id="oc-25">
         <name>.debug_line</name>
         <load_address>0x351e</load_address>
         <run_address>0x351e</run_address>
         <size>0x52</size>
         <input_file_ref idref="fl-138"/>
      </object_component>
      <object_component id="oc-af">
         <name>.debug_line</name>
         <load_address>0x3570</load_address>
         <run_address>0x3570</run_address>
         <size>0x72</size>
         <input_file_ref idref="fl-139"/>
      </object_component>
      <object_component id="oc-13">
         <name>.debug_line</name>
         <load_address>0x35e2</load_address>
         <run_address>0x35e2</run_address>
         <size>0x55</size>
         <input_file_ref idref="fl-139"/>
      </object_component>
      <object_component id="oc-4a">
         <name>.debug_line</name>
         <load_address>0x3637</load_address>
         <run_address>0x3637</run_address>
         <size>0x3a</size>
         <input_file_ref idref="fl-139"/>
      </object_component>
      <object_component id="oc-ac">
         <name>.debug_line</name>
         <load_address>0x3671</load_address>
         <run_address>0x3671</run_address>
         <size>0x72</size>
         <input_file_ref idref="fl-139"/>
      </object_component>
      <object_component id="oc-b2">
         <name>.debug_line</name>
         <load_address>0x36e3</load_address>
         <run_address>0x36e3</run_address>
         <size>0x72</size>
         <input_file_ref idref="fl-13a"/>
      </object_component>
      <object_component id="oc-4e">
         <name>.debug_line</name>
         <load_address>0x3755</load_address>
         <run_address>0x3755</run_address>
         <size>0x98</size>
         <input_file_ref idref="fl-13a"/>
      </object_component>
      <object_component id="oc-1a">
         <name>.debug_line</name>
         <load_address>0x37ed</load_address>
         <run_address>0x37ed</run_address>
         <size>0x4b</size>
         <input_file_ref idref="fl-13a"/>
      </object_component>
      <object_component id="oc-58">
         <name>.debug_line</name>
         <load_address>0x3838</load_address>
         <run_address>0x3838</run_address>
         <size>0x39</size>
         <input_file_ref idref="fl-13a"/>
      </object_component>
      <object_component id="oc-b6">
         <name>.debug_line</name>
         <load_address>0x3871</load_address>
         <run_address>0x3871</run_address>
         <size>0x72</size>
         <input_file_ref idref="fl-13a"/>
      </object_component>
      <object_component id="oc-ba">
         <name>.debug_line</name>
         <load_address>0x38e3</load_address>
         <run_address>0x38e3</run_address>
         <size>0x72</size>
         <input_file_ref idref="fl-13b"/>
      </object_component>
      <object_component id="oc-22">
         <name>.debug_line</name>
         <load_address>0x3955</load_address>
         <run_address>0x3955</run_address>
         <size>0x4f</size>
         <input_file_ref idref="fl-13b"/>
      </object_component>
      <object_component id="oc-63">
         <name>.debug_line</name>
         <load_address>0x39a4</load_address>
         <run_address>0x39a4</run_address>
         <size>0x34</size>
         <input_file_ref idref="fl-13b"/>
      </object_component>
      <object_component id="oc-154">
         <name>.debug_line</name>
         <load_address>0x39d8</load_address>
         <run_address>0x39d8</run_address>
         <size>0x71</size>
         <input_file_ref idref="fl-13c"/>
      </object_component>
      <object_component id="oc-152">
         <name>.debug_line</name>
         <load_address>0x3a49</load_address>
         <run_address>0x3a49</run_address>
         <size>0x2a</size>
         <input_file_ref idref="fl-13c"/>
      </object_component>
      <object_component id="oc-7d">
         <name>.debug_line</name>
         <load_address>0x3a73</load_address>
         <run_address>0x3a73</run_address>
         <size>0x7a</size>
         <input_file_ref idref="fl-13c"/>
      </object_component>
      <object_component id="oc-45">
         <name>.debug_line</name>
         <load_address>0x3aed</load_address>
         <run_address>0x3aed</run_address>
         <size>0x88</size>
         <input_file_ref idref="fl-13d"/>
      </object_component>
      <object_component id="oc-5e">
         <name>.debug_line</name>
         <load_address>0x3b75</load_address>
         <run_address>0x3b75</run_address>
         <size>0x79</size>
         <input_file_ref idref="fl-13e"/>
      </object_component>
      <object_component id="oc-6a">
         <name>.debug_line</name>
         <load_address>0x3bee</load_address>
         <run_address>0x3bee</run_address>
         <size>0x40</size>
         <input_file_ref idref="fl-13f"/>
      </object_component>
      <object_component id="oc-d6">
         <name>.debug_line</name>
         <load_address>0x3c2e</load_address>
         <run_address>0x3c2e</run_address>
         <size>0x33</size>
         <input_file_ref idref="fl-140"/>
      </object_component>
      <object_component id="oc-1ed">
         <name>.debug_line</name>
         <load_address>0x3c61</load_address>
         <run_address>0x3c61</run_address>
         <size>0x20</size>
         <input_file_ref idref="fl-141"/>
      </object_component>
      <object_component id="oc-14e">
         <name>.debug_line</name>
         <load_address>0x3c81</load_address>
         <run_address>0x3c81</run_address>
         <size>0x2b</size>
         <input_file_ref idref="fl-141"/>
      </object_component>
      <object_component id="oc-14c">
         <name>.debug_line</name>
         <load_address>0x3cac</load_address>
         <run_address>0x3cac</run_address>
         <size>0x68</size>
         <input_file_ref idref="fl-141"/>
      </object_component>
      <object_component id="oc-141">
         <name>.debug_line</name>
         <load_address>0x3d14</load_address>
         <run_address>0x3d14</run_address>
         <size>0x2b</size>
         <input_file_ref idref="fl-142"/>
      </object_component>
      <object_component id="oc-73">
         <name>.debug_line</name>
         <load_address>0x3d3f</load_address>
         <run_address>0x3d3f</run_address>
         <size>0x50</size>
         <input_file_ref idref="fl-142"/>
      </object_component>
      <object_component id="oc-145">
         <name>.debug_line</name>
         <load_address>0x3d8f</load_address>
         <run_address>0x3d8f</run_address>
         <size>0x2b</size>
         <input_file_ref idref="fl-142"/>
      </object_component>
      <object_component id="oc-116">
         <name>.debug_line</name>
         <load_address>0x3dba</load_address>
         <run_address>0x3dba</run_address>
         <size>0x81</size>
         <input_file_ref idref="fl-143"/>
      </object_component>
      <object_component id="oc-6e">
[...]
         <value>0x1bd9</value>
         <object_component_ref idref="oc-165"/>
      </symbol>
      <symbol id="sm-1f4">
         <name>vQueueWaitForMessageRestricted</name>
         <value>0x237b</value>
         <object_component_ref idref="oc-165"/>
      </symbol>
      <symbol id="sm-1f5">
         <name>vQueueDelete</name>
         <value>0x20bb</value>
         <object_component_ref idref="oc-165"/>
      </symbol>
      <symbol id="sm-1f6">
         <name>ucQueueGetQueueType</name>
         <value>0x20f1</value>
         <object_component_ref idref="oc-165"/>
      </symbol>
      <symbol id="sm-3a2">
         <name>vTaskDelay</name>
         <value>0x45f</value>
         <object_component_ref idref="oc-8b"/>
      </symbol>
      <symbol id="sm-3a3">
         <name>vTaskSuspendAll</name>
         <value>0x8e1</value>
         <object_component_ref idref="oc-8b"/>
      </symbol>
      <symbol id="sm-3a4">
         <name>vTaskPriorityInherit</name>
         <value>0x1395</value>
         <object_component_ref idref="oc-8b"/>
      </symbol>
      <symbol id="sm-3a5">
         <name>vTaskPlaceOnEventList</name>
         <value>0xc65</value>
         <object_component_ref idref="oc-8b"/>
      </symbol>
      <symbol id="sm-3a6">
         <name>vTaskSetTaskNumber</name>
         <value>0xf5d</value>
         <object_component_ref idref="oc-8b"/>
      </symbol>
      <symbol id="sm-3a7">
         <name>uxTaskPriorityGetFromISR</name>
         <value>0x4ed</value>
         <object_component_ref idref="oc-8b"/>
      </symbol>
      <symbol id="sm-3a8">
         <name>ulTaskNotifyTake</name>
         <value>0x1527</value>
         <object_component_ref idref="oc-8b"/>
      </symbol>
      <symbol id="sm-3a9">
         <name>xTaskCheckForTimeOut</name>
         <value>0xeb5</value>
         <object_component_ref idref="oc-8b"/>
      </symbol>
      <symbol id="sm-3aa">
         <name>xTaskRemoveFromUnorderedEventList</name>
         <value>0xe21</value>
         <object_component_ref idref="oc-8b"/>
      </symbol>
      <symbol id="sm-3ab">
         <name>vTaskPrioritySet</name>
         <value>0x541</value>
         <object_component_ref idref="oc-8b"/>
      </symbol>
      <symbol id="sm-3ac">
         <name>xTaskPriorityDisinherit</name>
         <value>0x144f</value>
         <object_component_ref idref="oc-8b"/>
      </symbol>
      <symbol id="sm-3ad">
         <name>vTaskStartScheduler</name>
         <value>0x85d</value>
         <object_component_ref idref="oc-8b"/>
      </symbol>
      <symbol id="sm-3ae">
         <name>xTaskNotifyStateClear</name>
         <value>0x197f</value>
         <object_component_ref idref="oc-8b"/>
      </symbol>
      <symbol id="sm-3af">
         <name>pvTaskIncrementMutexHeldCount</name>
         <value>0x150f</value>
         <object_component_ref idref="oc-8b"/>
      </symbol>
      <symbol id="sm-3b0">
         <name>xTaskGenericNotify</name>
         <value>0x16df</value>
         <object_component_ref idref="oc-8b"/>
      </symbol>
      <symbol id="sm-3b1">
         <name>vTaskDelayUntil</name>
         <value>0x3b7</value>
         <object_component_ref idref="oc-8b"/>
      </symbol>
      <symbol id="sm-3b2">
         <name>uxTaskGetTaskNumber</name>
         <value>0xf37</value>
         <object_component_ref idref="oc-8b"/>
      </symbol>
      <symbol id="sm-3b3">
         <name>vTaskEndScheduler</name>
         <value>0x8c1</value>
         <object_component_ref idref="oc-8b"/>
      </symbol>
      <symbol id="sm-3b4">
         <name>xTaskNotifyWait</name>
         <value>0x15f5</value>
         <object_component_ref idref="oc-8b"/>
      </symbol>
      <symbol id="sm-3b5">
         <name>vTaskMissedYield</name>
         <value>0xf2f</value>
         <object_component_ref idref="oc-8b"/>
      </symbol>
      <symbol id="sm-3b6">
         <name>uxTaskGetNumberOfTasks</name>
         <value>0x9f5</value>
         <object_component_ref idref="oc-8b"/>
      </symbol>
      <symbol id="sm-3b7">
         <name>xTaskGenericNotifyFromISR</name>
         <value>0x17d1</value>
         <object_component_ref idref="oc-8b"/>
      </symbol>
      <symbol id="sm-3b8">
         <name>uxTaskPriorityGet</name>
         <value>0x4bb</value>
         <object_component_ref idref="oc-8b"/>
      </symbol>
      <symbol id="sm-3b9">
         <name>xTaskResumeAll</name>
         <value>0x8f5</value>
         <object_component_ref idref="oc-8b"/>
      </symbol>
      <symbol id="sm-3ba">
         <name>xTaskGetTickCount</name>
         <value>0x9d1</value>
         <object_component_ref idref="oc-8b"/>
      </symbol>
      <symbol id="sm-3bb">
         <name>xTaskGenericCreate</name>
         <value>0x201</value>
         <object_component_ref idref="oc-8b"/>
      </symbol>
      <symbol id="sm-3bc">
         <name>uxTaskGetSystemState</name>
         <value>0xa05</value>
         <object_component_ref idref="oc-8b"/>
      </symbol>
      <symbol id="sm-3bd">
         <name>vTaskDelete</name>
         <value>0x31b</value>
         <object_component_ref idref="oc-8b"/>
      </symbol>
      <symbol id="sm-3be">
         <name>pxCurrentTCB</name>
         <value>0x2000cda0</value>
         <object_component_ref idref="oc-85"/>
      </symbol>
      <symbol id="sm-3bf">
         <name>vTaskNotifyGiveFromISR</name>
         <value>0x18d9</value>
         <object_component_ref idref="oc-8b"/>
      </symbol>
      <symbol id="sm-3c0">
         <name>vTaskSuspend</name>
         <value>0x655</value>
         <object_component_ref idref="oc-8b"/>
      </symbol>
      <symbol id="sm-3c1">
         <name>xTaskGetTickCountFromISR</name>
         <value>0x9e1</value>
         <object_component_ref idref="oc-8b"/>
      </symbol>
      <symbol id="sm-3c2">
         <name>vTaskResume</name>
         <value>0x749</value>
         <object_component_ref idref="oc-8b"/>
      </symbol>
      <symbol id="sm-3c3">
         <name>vTaskPlaceOnEventListRestricted</name>
         <value>0xd3d</value>
         <object_component_ref idref="oc-8b"/>
      </symbol>
      <symbol id="sm-3c4">
         <name>vTaskSetTimeOutState</name>
         <value>0xe8f</value>
         <object_component_ref idref="oc-8b"/>
      </symbol>
      <symbol id="sm-3c5">
         <name>xTaskIncrementTick</name>
         <value>0xad5</value>
         <object_component_ref idref="oc-8b"/>
      </symbol>
      <symbol id="sm-3c6">
         <name>vTaskSwitchContext</name>
         <value>0xbf9</value>
         <object_component_ref idref="oc-8b"/>
      </symbol>
      <symbol id="sm-3c7">
         <name>uxTaskResetEventItemValue</name>
         <value>0x14ed</value>
         <object_component_ref idref="oc-8b"/>
      </symbol>
      <symbol id="sm-3c8">
         <name>xTaskGetSchedulerState</name>
         <value>0x1361</value>
         <object_component_ref idref="oc-8b"/>
      </symbol>
      <symbol id="sm-3c9">
         <name>xTaskResumeFromISR</name>
         <value>0x7cb</value>
         <object_component_ref idref="oc-8b"/>
      </symbol>
      <symbol id="sm-3ca">
         <name>xTaskGetCurrentTaskHandle</name>
         <value>0x1349</value>
         <object_component_ref idref="oc-8b"/>
      </symbol>
      <symbol id="sm-3cb">
         <name>vTaskPlaceOnUnorderedEventList</name>
         <value>0xcc5</value>
         <object_component_ref idref="oc-8b"/>
      </symbol>
      <symbol id="sm-3cc">
         <name>xTaskRemoveFromEventList</name>
         <value>0xda1</value>
         <object_component_ref idref="oc-8b"/>
      </symbol>
      <symbol id="sm-442">
         <name>xTimerCreateTimerTask</name>
         <value>0x23d9</value>
         <object_component_ref idref="oc-e7"/>
      </symbol>
      <symbol id="sm-443">
         <name>pcTimerGetTimerName</name>
         <value>0x24d5</value>
         <object_component_ref idref="oc-e7"/>
      </symbol>
      <symbol id="sm-444">
         <name>xTimerIsTimerActive</name>
         <value>0x2895</value>
         <object_component_ref idref="oc-e7"/>
      </symbol>
      <symbol id="sm-445">
         <name>xTimerCreate</name>
         <value>0x2413</value>
         <object_component_ref idref="oc-e7"/>
      </symbol>
      <symbol id="sm-446">
         <name>xTimerGenericCommand</name>
         <value>0x2467</value>
         <object_component_ref idref="oc-e7"/>
      </symbol>
      <symbol id="sm-447">
         <name>pvTimerGetTimerID</name>
         <value>0x28c1</value>
         <object_component_ref idref="oc-e7"/>
      </symbol>
      <symbol id="sm-448">
         <name>vTimerSetTimerID</name>
         <value>0x28db</value>
         <object_component_ref idref="oc-e7"/>
      </symbol>
      <symbol id="sm-479">
         <name>ulMaxSyscallInterruptPriority</name>
         <value>0x3a7c</value>
         <object_component_ref idref="oc-88"/>
      </symbol>
      <symbol id="sm-47a">
         <name>vPortSetupTimerInterrupt</name>
         <value>0x2dc7</value>
         <object_component_ref idref="oc-38"/>
      </symbol>
      <symbol id="sm-47b">
         <name>vPortEndScheduler</name>
         <value>0x2d61</value>
         <object_component_ref idref="oc-38"/>
      </symbol>
      <symbol id="sm-47c">
         <name>xPortSysTickCount</name>
         <value>0x2000cdec</value>
         <object_component_ref idref="oc-92"/>
      </symbol>
      <symbol id="sm-47d">
         <name>xPortSysTickHandler</name>
         <value>0x2d99</value>
         <object_component_ref idref="oc-38"/>
      </symbol>
      <symbol id="sm-47e">
         <name>pxPortInitialiseStack</name>
         <value>0x2cc5</value>
         <object_component_ref idref="oc-38"/>
      </symbol>
      <symbol id="sm-47f">
         <name>vPortExitCritical</name>
         <value>0x2d83</value>
         <object_component_ref idref="oc-38"/>
      </symbol>
      <symbol id="sm-480">
         <name>xPortStartScheduler</name>
         <value>0x2d2b</value>
         <object_component_ref idref="oc-38"/>
      </symbol>
      <symbol id="sm-481">
         <name>vPortEnterCritical</name>
         <value>0x2d63</value>
         <object_component_ref idref="oc-38"/>
      </symbol>
      <symbol id="sm-490">
         <name>vPortStartFirstTask</name>
         <value>0x30fd</value>
         <object_component_ref idref="oc-33"/>
      </symbol>
      <symbol id="sm-491">
         <name>ulPortGetIPSR</name>
         <value>0x3065</value>
         <object_component_ref idref="oc-33"/>
      </symbol>
      <symbol id="sm-492">
         <name>vPortEnableVFP</name>
         <value>0x3119</value>
         <object_component_ref idref="oc-33"/>
      </symbol>
      <symbol id="sm-493">
         <name>xPortPendSVHandler</name>
         <value>0x307d</value>
         <object_component_ref idref="oc-33"/>
      </symbol>
      <symbol id="sm-494">
         <name>vPortSVCHandler</name>
         <value>0x30dd</value>
         <object_component_ref idref="oc-33"/>
      </symbol>
      <symbol id="sm-4ae">
         <name>g_ulSystemClock</name>
         <value>0x2000cdd0</value>
         <object_component_ref idref="oc-197"/>
      </symbol>
      <symbol id="sm-4af">
         <name>UARTStdioInitFlag</name>
         <value>0x2000cdd8</value>
         <object_component_ref idref="oc-197"/>
      </symbol>
      <symbol id="sm-4b0">
         <name>ProcessorInitFlag</name>
         <value>0x2000cdd4</value>
         <object_component_ref idref="oc-197"/>
      </symbol>
      <symbol id="sm-4b1">
         <name>FPUInitFlag</name>
         <value>0x2000cddc</value>
         <object_component_ref idref="oc-197"/>
      </symbol>
      <symbol id="sm-4b2">
         <name>Processor_Initialization</name>
         <value>0x36f9</value>
         <object_component_ref idref="oc-121"/>
      </symbol>
      <symbol id="sm-4c4">
         <name>_c_int00</name>
         <value>0x3545</value>
         <object_component_ref idref="oc-24"/>
      </symbol>
      <symbol id="sm-4c5">
         <name>__stack</name>
         <value>0x2000c5a0</value>
         <object_component_ref idref="oc-29"/>
      </symbol>
      <symbol id="sm-4dc">
         <name>__TI_decompress_none</name>
         <value>0x3871</value>
         <object_component_ref idref="oc-12"/>
      </symbol>
      <symbol id="sm-504">
         <name>__TI_decompress_rle24</name>
         <value>0x38ad</value>
         <object_component_ref idref="oc-18"/>
      </symbol>
      <symbol id="sm-516">
         <name>__TI_zero_init</name>
         <value>0x388b</value>
         <object_component_ref idref="oc-1e"/>
      </symbol>
      <symbol id="sm-535">
         <name>C$$EXIT</name>
         <value>0x3675</value>
         <object_component_ref idref="oc-78"/>
      </symbol>
      <symbol id="sm-536">
         <name>abort</name>
         <value>0x3679</value>
         <object_component_ref idref="oc-78"/>
      </symbol>
      <symbol id="sm-537">
         <name>exit</name>
         <value>0x3681</value>
         <object_component_ref idref="oc-78"/>
      </symbol>
      <symbol id="sm-538">
         <name>__TI_dtors_ptr</name>
         <value>0x2000cdfc</value>
         <object_component_ref idref="oc-cf"/>
      </symbol>
      <symbol id="sm-539">
         <name>__TI_cleanup_ptr</name>
         <value>0x2000cdf8</value>
         <object_component_ref idref="oc-cf"/>
      </symbol>
      <symbol id="sm-554">
         <name>memcpy</name>
         <value>0x31ed</value>
         <object_component_ref idref="oc-41"/>
      </symbol>
      <symbol id="sm-555">
         <name>__aeabi_memcpy</name>
         <value>0x31ed</value>
         <object_component_ref idref="oc-41"/>
      </symbol>
      <symbol id="sm-556">
         <name>__aeabi_memcpy8</name>
         <value>0x31ed</value>
         <object_component_ref idref="oc-41"/>
      </symbol>
      <symbol id="sm-557">
         <name>__aeabi_memcpy4</name>
         <value>0x31ed</value>
         <object_component_ref idref="oc-41"/>
      </symbol>
      <symbol id="sm-566">
         <name>__aeabi_memset</name>
         <value>0x338f</value>
         <object_component_ref idref="oc-5a"/>
      </symbol>
      <symbol id="sm-567">
         <name>memset</name>
         <value>0x3395</value>
         <object_component_ref idref="oc-5a"/>
      </symbol>
      <symbol id="sm-568">
         <name>__aeabi_memset8</name>
         <value>0x338f</value>
         <object_component_ref idref="oc-5a"/>
      </symbol>
      <symbol id="sm-569">
         <name>__aeabi_memset4</name>
         <value>0x338f</value>
         <object_component_ref idref="oc-5a"/>
      </symbol>
      <symbol id="sm-56a">
         <name>__aeabi_memclr8</name>
         <value>0x338d</value>
         <object_component_ref idref="oc-5a"/>
      </symbol>
      <symbol id="sm-56b">
         <name>__aeabi_memclr4</name>
         <value>0x338d</value>
         <object_component_ref idref="oc-5a"/>
      </symbol>
      <symbol id="sm-56c">
         <name>__aeabi_memclr</name>
         <value>0x338d</value>
         <object_component_ref idref="oc-5a"/>
      </symbol>
      <symbol id="sm-576">
         <name>_system_pre_init</name>
         <value>0x38b3</value>
         <object_component_ref idref="oc-66"/>
      </symbol>
      <symbol id="sm-57e">
         <name>main_func_sp</name>
         <value>0x2000ce08</value>
         <object_component_ref idref="oc-7e"/>
      </symbol>
      <symbol id="sm-597">
         <name>_nop</name>
         <value>0x384f</value>
         <object_component_ref idref="oc-147"/>
      </symbol>
      <symbol id="sm-598">
         <name>_lock</name>
         <value>0x2000cdf0</value>
         <object_component_ref idref="oc-cc"/>
      </symbol>
      <symbol id="sm-599">
         <name>_unlock</name>
         <value>0x2000cdf4</value>
         <object_component_ref idref="oc-cc"/>
      </symbol>
      <symbol id="sm-59a">
         <name>_register_lock</name>
         <value>0x3847</value>
         <object_component_ref idref="oc-147"/>
      </symbol>
      <symbol id="sm-59b">
         <name>_register_unlock</name>
         <value>0x3841</value>
         <object_component_ref idref="oc-147"/>
      </symbol>
      <symbol id="sm-5b0">
         <name>_args_main</name>
         <value>0x3811</value>
         <object_component_ref idref="oc-72"/>
      </symbol>
      <symbol id="sm-5d6">
         <name>__TI_auto_init</name>
         <value>0x3409</value>
         <object_component_ref idref="oc-6c"/>
      </symbol>
      <symbol id="sm-5f0">
         <name>copy_in</name>
         <value>0x35e1</value>
         <object_component_ref idref="oc-bc"/>
      </symbol>
      <symbol id="sm-670">
         <name>SysCtlPeripheralEnable</name>
         <value>0x3731</value>
         <object_component_ref idref="oc-19b"/>
      </symbol>
      <symbol id="sm-671">
         <name>SysCtlClockFreqSet</name>
         <value>0x2911</value>
         <object_component_ref idref="oc-191"/>
      </symbol>
      <symbol id="sm-6a7">
         <name>GPIOPinTypeGPIOOutput</name>
         <value>0x37f9</value>
         <object_component_ref idref="oc-1a1"/>
      </symbol>
      <symbol id="sm-6a8">
         <name>GPIOPinRead</name>
         <value>0x38a1</value>
         <object_component_ref idref="oc-1ad"/>
      </symbol>
      <symbol id="sm-6a9">
         <name>GPIODirModeSet</name>
         <value>0x3793</value>
         <object_component_ref idref="oc-230"/>
      </symbol>
      <symbol id="sm-6aa">
         <name>GPIOPinWrite</name>
         <value>0x38a7</value>
         <object_component_ref idref="oc-1b3"/>
      </symbol>
      <symbol id="sm-6ab">
         <name>GPIOPadConfigSet</name>
         <value>0x2df9</value>
         <object_component_ref idref="oc-1a7"/>
      </symbol>
      <symbol id="sm-6f6">
         <name>ADCProcessorTrigger</name>
         <value>0x3829</value>
         <object_component_ref idref="oc-1cf"/>
      </symbol>
      <symbol id="sm-6f7">
         <name>ADCSequenceEnable</name>
         <value>0x3855</value>
         <object_component_ref idref="oc-1c9"/>
      </symbol>
      <symbol id="sm-6f8">
         <name>ADCSequenceConfigure</name>
         <value>0x36b9</value>
         <object_component_ref idref="oc-1bd"/>
      </symbol>
      <symbol id="sm-6f9">
         <name>ADCSequenceStepConfigure</name>
         <value>0x330d</value>
         <object_component_ref idref="oc-1c3"/>
      </symbol>
      <symbol id="sm-6fa">
         <name>ADCIntClear</name>
         <value>0x3897</value>
         <object_component_ref idref="oc-1e1"/>
      </symbol>
      <symbol id="sm-6fb">
         <name>ADCIntStatus</name>
         <value>0x3765</value>
         <object_component_ref idref="oc-1d5"/>
      </symbol>
      <symbol id="sm-6fc">
         <name>ADCSequenceDataGet</name>
         <value>0x37bd</value>
         <object_component_ref idref="oc-1db"/>
      </symbol>
      <symbol id="sm-6fd">
         <name>__TI_static_base__</name>
         <value>0x0</value>
      </symbol>
      <symbol id="sm-700">
         <name>SHT$$INIT_ARRAY$$Limit</name>
         <value>0x0</value>
      </symbol>
      <symbol id="sm-701">
         <name>SHT$$INIT_ARRAY$$Base</name>
         <value>0x0</value>
      </symbol>
   </symbol_table>
   <title>Link successful</title>
</link_info>
